exports[`ListImage  runs the ListImage component 1`] = `
<div>
  <h2>
    Available Images
  </h2>
  <ul>
    <li>
      Title: 
      Cute Bunny
    </li>
    <li>
      <a
        href="http://f.cl.ly/items/3g3J1G0w122M360w380O/3726490195_f7cc75d377_o.jpg">
        Link to Image 
      </a>
    </li>
    <li>
      Description: 
      Isn\'t it fuzzy-wuzzy cutest thing you\'ve ever seen?
    </li>
  </ul>
</div>
`;
